    1C
    1UCantilever modal benchmark                                        
    1UUSER                                                              
    1UDATE              04.april.2026                                   
    1UTIME              18:20:50                                        
    1UHOST                                                              
    1UPGM               CalculiX                                        
    1UVERSION           Version 2.23                             
    1UCOMPILETIME       Sun Oct 19 18:23:34 CEST 2025                    
    1UDIR                                                               
    1UDBN                                                               
    1UMAT    1STEEL                                                     
    2C                           165                                     1
 -1         1 0.00000E+00 0.00000E+00 0.00000E+00
 -1         2 4.00000E+00 0.00000E+00 0.00000E+00
 -1         3 4.00000E+00 5.00000E-01 0.00000E+00
 -1         4 0.00000E+00 5.00000E-01 0.00000E+00
 -1         5 1.25000E-01 0.00000E+00 0.00000E+00
 -1         6 2.50000E-01 0.00000E+00 0.00000E+00
 -1         7 3.75000E-01 0.00000E+00 0.00000E+00
 -1         8 5.00000E-01 0.00000E+00 0.00000E+00
 -1         9 6.25000E-01 0.00000E+00 0.00000E+00
 -1        10 7.50000E-01 0.00000E+00 0.00000E+00
 -1        11 8.75000E-01 0.00000E+00 0.00000E+00
 -1        12 1.00000E+00 0.00000E+00 0.00000E+00
 -1        13 1.12500E+00 0.00000E+00 0.00000E+00
 -1        14 1.25000E+00 0.00000E+00 0.00000E+00
 -1        15 1.37500E+00 0.00000E+00 0.00000E+00
 -1        16 1.50000E+00 0.00000E+00 0.00000E+00
 -1        17 1.62500E+00 0.00000E+00 0.00000E+00
 -1        18 1.75000E+00 0.00000E+00 0.00000E+00
 -1        19 1.87500E+00 0.00000E+00 0.00000E+00
 -1        20 2.00000E+00 0.00000E+00 0.00000E+00
 -1        21 2.12500E+00 0.00000E+00 0.00000E+00
 -1        22 2.25000E+00 0.00000E+00 0.00000E+00
 -1        23 2.37500E+00 0.00000E+00 0.00000E+00
 -1        24 2.50000E+00 0.00000E+00 0.00000E+00
 -1        25 2.62500E+00 0.00000E+00 0.00000E+00
 -1        26 2.75000E+00 0.00000E+00 0.00000E+00
 -1        27 2.87500E+00 0.00000E+00 0.00000E+00
 -1        28 3.00000E+00 0.00000E+00 0.00000E+00
 -1        29 3.12500E+00 0.00000E+00 0.00000E+00
 -1        30 3.25000E+00 0.00000E+00 0.00000E+00
 -1        31 3.37500E+00 0.00000E+00 0.00000E+00
 -1        32 3.50000E+00 0.00000E+00 0.00000E+00
 -1        33 3.62500E+00 0.00000E+00 0.00000E+00
 -1        34 3.75000E+00 0.00000E+00 0.00000E+00
 -1        35 3.87500E+00 0.00000E+00 0.00000E+00
 -1        36 4.00000E+00 1.25000E-01 0.00000E+00
 -1        37 4.00000E+00 2.50000E-01 0.00000E+00
 -1        38 4.00000E+00 3.75000E-01 0.00000E+00
 -1        39 3.87500E+00 5.00000E-01 0.00000E+00
 -1        40 3.75000E+00 5.00000E-01 0.00000E+00
 -1        41 3.62500E+00 5.00000E-01 0.00000E+00
 -1        42 3.50000E+00 5.00000E-01 0.00000E+00
 -1        43 3.37500E+00 5.00000E-01 0.00000E+00
 -1        44 3.25000E+00 5.00000E-01 0.00000E+00
 -1        45 3.12500E+00 5.00000E-01 0.00000E+00
 -1        46 3.00000E+00 5.00000E-01 0.00000E+00
 -1        47 2.87500E+00 5.00000E-01 0.00000E+00
 -1        48 2.75000E+00 5.00000E-01 0.00000E+00
 -1        49 2.62500E+00 5.00000E-01 0.00000E+00
 -1        50 2.50000E+00 5.00000E-01 0.00000E+00
 -1        51 2.37500E+00 5.00000E-01 0.00000E+00
 -1        52 2.25000E+00 5.00000E-01 0.00000E+00
 -1        53 2.12500E+00 5.00000E-01 0.00000E+00
 -1        54 2.00000E+00 5.00000E-01 0.00000E+00
 -1        55 1.87500E+00 5.00000E-01 0.00000E+00
 -1        56 1.75000E+00 5.00000E-01 0.00000E+00
 -1        57 1.62500E+00 5.00000E-01 0.00000E+00
 -1        58 1.50000E+00 5.00000E-01 0.00000E+00
 -1        59 1.37500E+00 5.00000E-01 0.00000E+00
 -1        60 1.25000E+00 5.00000E-01 0.00000E+00
 -1        61 1.12500E+00 5.00000E-01 0.00000E+00
 -1        62 1.00000E+00 5.00000E-01 0.00000E+00
 -1        63 8.75000E-01 5.00000E-01 0.00000E+00
 -1        64 7.50000E-01 5.00000E-01 0.00000E+00
 -1        65 6.25000E-01 5.00000E-01 0.00000E+00
 -1        66 5.00000E-01 5.00000E-01 0.00000E+00
 -1        67 3.75000E-01 5.00000E-01 0.00000E+00
 -1        68 2.50000E-01 5.00000E-01 0.00000E+00
 -1        69 1.25000E-01 5.00000E-01 0.00000E+00
 -1        70 0.00000E+00 3.75000E-01 0.00000E+00
 -1        71 0.00000E+00 2.50000E-01 0.00000E+00
 -1        72 0.00000E+00 1.25000E-01 0.00000E+00
 -1        73 1.25000E-01 1.25000E-01 0.00000E+00
 -1        74 1.25000E-01 2.50000E-01 0.00000E+00
 -1        75 1.25000E-01 3.75000E-01 0.00000E+00
 -1        76 2.50000E-01 1.25000E-01 0.00000E+00
 -1        77 2.50000E-01 2.50000E-01 0.00000E+00
 -1        78 2.50000E-01 3.75000E-01 0.00000E+00
 -1        79 3.75000E-01 1.25000E-01 0.00000E+00
 -1        80 3.75000E-01 2.50000E-01 0.00000E+00
 -1        81 3.75000E-01 3.75000E-01 0.00000E+00
 -1        82 5.00000E-01 1.25000E-01 0.00000E+00
 -1        83 5.00000E-01 2.50000E-01 0.00000E+00
 -1        84 5.00000E-01 3.75000E-01 0.00000E+00
 -1        85 6.25000E-01 1.25000E-01 0.00000E+00
 -1        86 6.25000E-01 2.50000E-01 0.00000E+00
 -1        87 6.25000E-01 3.75000E-01 0.00000E+00
 -1        88 7.50000E-01 1.25000E-01 0.00000E+00
 -1        89 7.50000E-01 2.50000E-01 0.00000E+00
 -1        90 7.50000E-01 3.75000E-01 0.00000E+00
 -1        91 8.75000E-01 1.25000E-01 0.00000E+00
 -1        92 8.75000E-01 2.50000E-01 0.00000E+00
 -1        93 8.75000E-01 3.75000E-01 0.00000E+00
 -1        94 1.00000E+00 1.25000E-01 0.00000E+00
 -1        95 1.00000E+00 2.50000E-01 0.00000E+00
 -1        96 1.00000E+00 3.75000E-01 0.00000E+00
 -1        97 1.12500E+00 1.25000E-01 0.00000E+00
 -1        98 1.12500E+00 2.50000E-01 0.00000E+00
 -1        99 1.12500E+00 3.75000E-01 0.00000E+00
 -1       100 1.25000E+00 1.25000E-01 0.00000E+00
 -1       101 1.25000E+00 2.50000E-01 0.00000E+00
 -1       102 1.25000E+00 3.75000E-01 0.00000E+00
 -1       103 1.37500E+00 1.25000E-01 0.00000E+00
 -1       104 1.37500E+00 2.50000E-01 0.00000E+00
 -1       105 1.37500E+00 3.75000E-01 0.00000E+00
 -1       106 1.50000E+00 1.25000E-01 0.00000E+00
 -1       107 1.50000E+00 2.50000E-01 0.00000E+00
 -1       108 1.50000E+00 3.75000E-01 0.00000E+00
 -1       109 1.62500E+00 1.25000E-01 0.00000E+00
 -1       110 1.62500E+00 2.50000E-01 0.00000E+00
 -1       111 1.62500E+00 3.75000E-01 0.00000E+00
 -1       112 1.75000E+00 1.25000E-01 0.00000E+00
 -1       113 1.75000E+00 2.50000E-01 0.00000E+00
 -1       114 1.75000E+00 3.75000E-01 0.00000E+00
 -1       115 1.87500E+00 1.25000E-01 0.00000E+00
 -1       116 1.87500E+00 2.50000E-01 0.00000E+00
 -1       117 1.87500E+00 3.75000E-01 0.00000E+00
 -1       118 2.00000E+00 1.25000E-01 0.00000E+00
 -1       119 2.00000E+00 2.50000E-01 0.00000E+00
 -1       120 2.00000E+00 3.75000E-01 0.00000E+00
 -1       121 2.12500E+00 1.25000E-01 0.00000E+00
 -1       122 2.12500E+00 2.50000E-01 0.00000E+00
 -1       123 2.12500E+00 3.75000E-01 0.00000E+00
 -1       124 2.25000E+00 1.25000E-01 0.00000E+00
 -1       125 2.25000E+00 2.50000E-01 0.00000E+00
 -1       126 2.25000E+00 3.75000E-01 0.00000E+00
 -1       127 2.37500E+00 1.25000E-01 0.00000E+00
 -1       128 2.37500E+00 2.50000E-01 0.00000E+00
 -1       129 2.37500E+00 3.75000E-01 0.00000E+00
 -1       130 2.50000E+00 1.25000E-01 0.00000E+00
 -1       131 2.50000E+00 2.50000E-01 0.00000E+00
 -1       132 2.50000E+00 3.75000E-01 0.00000E+00
 -1       133 2.62500E+00 1.25000E-01 0.00000E+00
 -1       134 2.62500E+00 2.50000E-01 0.00000E+00
 -1       135 2.62500E+00 3.75000E-01 0.00000E+00
 -1       136 2.75000E+00 1.25000E-01 0.00000E+00
 -1       137 2.75000E+00 2.50000E-01 0.00000E+00
 -1       138 2.75000E+00 3.75000E-01 0.00000E+00
 -1       139 2.87500E+00 1.25000E-01 0.00000E+00
 -1       140 2.87500E+00 2.50000E-01 0.00000E+00
 -1       141 2.87500E+00 3.75000E-01 0.00000E+00
 -1       142 3.00000E+00 1.25000E-01 0.00000E+00
 -1       143 3.00000E+00 2.50000E-01 0.00000E+00
 -1       144 3.00000E+00 3.75000E-01 0.00000E+00
 -1       145 3.12500E+00 1.25000E-01 0.00000E+00
 -1       146 3.12500E+00 2.50000E-01 0.00000E+00
 -1       147 3.12500E+00 3.75000E-01 0.00000E+00
 -1       148 3.25000E+00 1.25000E-01 0.00000E+00
 -1       149 3.25000E+00 2.50000E-01 0.00000E+00
 -1       150 3.25000E+00 3.75000E-01 0.00000E+00
 -1       151 3.37500E+00 1.25000E-01 0.00000E+00
 -1       152 3.37500E+00 2.50000E-01 0.00000E+00
 -1       153 3.37500E+00 3.75000E-01 0.00000E+00
 -1       154 3.50000E+00 1.25000E-01 0.00000E+00
 -1       155 3.50000E+00 2.50000E-01 0.00000E+00
 -1       156 3.50000E+00 3.75000E-01 0.00000E+00
 -1       157 3.62500E+00 1.25000E-01 0.00000E+00
 -1       158 3.62500E+00 2.50000E-01 0.00000E+00
 -1       159 3.62500E+00 3.75000E-01 0.00000E+00
 -1       160 3.75000E+00 1.25000E-01 0.00000E+00
 -1       161 3.75000E+00 2.50000E-01 0.00000E+00
 -1       162 3.75000E+00 3.75000E-01 0.00000E+00
 -1       163 3.87500E+00 1.25000E-01 0.00000E+00
 -1       164 3.87500E+00 2.50000E-01 0.00000E+00
 -1       165 3.87500E+00 3.75000E-01 0.00000E+00
 -3
    3C                           128                                     1
 -1         1    9    0    1
 -2         1         5        73        72
 -1         2    9    0    1
 -2        72        73        74        71
 -1         3    9    0    1
 -2        71        74        75        70
 -1         4    9    0    1
 -2        70        75        69         4
 -1         5    9    0    1
 -2         5         6        76        73
 -1         6    9    0    1
 -2        73        76        77        74
 -1         7    9    0    1
 -2        74        77        78        75
 -1         8    9    0    1
 -2        75        78        68        69
 -1         9    9    0    1
 -2         6         7        79        76
 -1        10    9    0    1
 -2        76        79        80        77
 -1        11    9    0    1
 -2        77        80        81        78
 -1        12    9    0    1
 -2        78        81        67        68
 -1        13    9    0    1
 -2         7         8        82        79
 -1        14    9    0    1
 -2        79        82        83        80
 -1        15    9    0    1
 -2        80        83        84        81
 -1        16    9    0    1
 -2        81        84        66        67
 -1        17    9    0    1
 -2         8         9        85        82
 -1        18    9    0    1
 -2        82        85        86        83
 -1        19    9    0    1
 -2        83        86        87        84
 -1        20    9    0    1
 -2        84        87        65        66
 -1        21    9    0    1
 -2         9        10        88        85
 -1        22    9    0    1
 -2        85        88        89        86
 -1        23    9    0    1
 -2        86        89        90        87
 -1        24    9    0    1
 -2        87        90        64        65
 -1        25    9    0    1
 -2        10        11        91        88
 -1        26    9    0    1
 -2        88        91        92        89
 -1        27    9    0    1
 -2        89        92        93        90
 -1        28    9    0    1
 -2        90        93        63        64
 -1        29    9    0    1
 -2        11        12        94        91
 -1        30    9    0    1
 -2        91        94        95        92
 -1        31    9    0    1
 -2        92        95        96        93
 -1        32    9    0    1
 -2        93        96        62        63
 -1        33    9    0    1
 -2        12        13        97        94
 -1        34    9    0    1
 -2        94        97        98        95
 -1        35    9    0    1
 -2        95        98        99        96
 -1        36    9    0    1
 -2        96        99        61        62
 -1        37    9    0    1
 -2        13        14       100        97
 -1        38    9    0    1
 -2        97       100       101        98
 -1        39    9    0    1
 -2        98       101       102        99
 -1        40    9    0    1
 -2        99       102        60        61
 -1        41    9    0    1
 -2        14        15       103       100
 -1        42    9    0    1
 -2       100       103       104       101
 -1        43    9    0    1
 -2       101       104       105       102
 -1        44    9    0    1
 -2       102       105        59        60
 -1        45    9    0    1
 -2        15        16       106       103
 -1        46    9    0    1
 -2       103       106       107       104
 -1        47    9    0    1
 -2       104       107       108       105
 -1        48    9    0    1
 -2       105       108        58        59
 -1        49    9    0    1
 -2        16        17       109       106
 -1        50    9    0    1
 -2       106       109       110       107
 -1        51    9    0    1
 -2       107       110       111       108
 -1        52    9    0    1
 -2       108       111        57        58
 -1        53    9    0    1
 -2        17        18       112       109
 -1        54    9    0    1
 -2       109       112       113       110
 -1        55    9    0    1
 -2       110       113       114       111
 -1        56    9    0    1
 -2       111       114        56        57
 -1        57    9    0    1
 -2        18        19       115       112
 -1        58    9    0    1
 -2       112       115       116       113
 -1        59    9    0    1
 -2       113       116       117       114
 -1        60    9    0    1
 -2       114       117        55        56
 -1        61    9    0    1
 -2        19        20       118       115
 -1        62    9    0    1
 -2       115       118       119       116
 -1        63    9    0    1
 -2       116       119       120       117
 -1        64    9    0    1
 -2       117       120        54        55
 -1        65    9    0    1
 -2        20        21       121       118
 -1        66    9    0    1
 -2       118       121       122       119
 -1        67    9    0    1
 -2       119       122       123       120
 -1        68    9    0    1
 -2       120       123        53        54
 -1        69    9    0    1
 -2        21        22       124       121
 -1        70    9    0    1
 -2       121       124       125       122
 -1        71    9    0    1
 -2       122       125       126       123
 -1        72    9    0    1
 -2       123       126        52        53
 -1        73    9    0    1
 -2        22        23       127       124
 -1        74    9    0    1
 -2       124       127       128       125
 -1        75    9    0    1
 -2       125       128       129       126
 -1        76    9    0    1
 -2       126       129        51        52
 -1        77    9    0    1
 -2        23        24       130       127
 -1        78    9    0    1
 -2       127       130       131       128
 -1        79    9    0    1
 -2       128       131       132       129
 -1        80    9    0    1
 -2       129       132        50        51
 -1        81    9    0    1
 -2        24        25       133       130
 -1        82    9    0    1
 -2       130       133       134       131
 -1        83    9    0    1
 -2       131       134       135       132
 -1        84    9    0    1
 -2       132       135        49        50
 -1        85    9    0    1
 -2        25        26       136       133
 -1        86    9    0    1
 -2       133       136       137       134
 -1        87    9    0    1
 -2       134       137       138       135
 -1        88    9    0    1
 -2       135       138        48        49
 -1        89    9    0    1
 -2        26        27       139       136
 -1        90    9    0    1
 -2       136       139       140       137
 -1        91    9    0    1
 -2       137       140       141       138
 -1        92    9    0    1
 -2       138       141        47        48
 -1        93    9    0    1
 -2        27        28       142       139
 -1        94    9    0    1
 -2       139       142       143       140
 -1        95    9    0    1
 -2       140       143       144       141
 -1        96    9    0    1
 -2       141       144        46        47
 -1        97    9    0    1
 -2        28        29       145       142
 -1        98    9    0    1
 -2       142       145       146       143
 -1        99    9    0    1
 -2       143       146       147       144
 -1       100    9    0    1
 -2       144       147        45        46
 -1       101    9    0    1
 -2        29        30       148       145
 -1       102    9    0    1
 -2       145       148       149       146
 -1       103    9    0    1
 -2       146       149       150       147
 -1       104    9    0    1
 -2       147       150        44        45
 -1       105    9    0    1
 -2        30        31       151       148
 -1       106    9    0    1
 -2       148       151       152       149
 -1       107    9    0    1
 -2       149       152       153       150
 -1       108    9    0    1
 -2       150       153        43        44
 -1       109    9    0    1
 -2        31        32       154       151
 -1       110    9    0    1
 -2       151       154       155       152
 -1       111    9    0    1
 -2       152       155       156       153
 -1       112    9    0    1
 -2       153       156        42        43
 -1       113    9    0    1
 -2        32        33       157       154
 -1       114    9    0    1
 -2       154       157       158       155
 -1       115    9    0    1
 -2       155       158       159       156
 -1       116    9    0    1
 -2       156       159        41        42
 -1       117    9    0    1
 -2        33        34       160       157
 -1       118    9    0    1
 -2       157       160       161       158
 -1       119    9    0    1
 -2       158       161       162       159
 -1       120    9    0    1
 -2       159       162        40        41
 -1       121    9    0    1
 -2        34        35       163       160
 -1       122    9    0    1
 -2       160       163       164       161
 -1       123    9    0    1
 -2       161       164       165       162
 -1       124    9    0    1
 -2       162       165        39        40
 -1       125    9    0    1
 -2        35         2        36       163
 -1       126    9    0    1
 -2       163        36        37       164
 -1       127    9    0    1
 -2       164        37        38       165
 -1       128    9    0    1
 -2       165        38         3        39
 -3
 9999
